// Jest Snapshot v1, https://goo.gl/fbAQLP

exports[`<Main /> should render the heading 1`] = `
<div
  class="styles__Wrapper-gFLbW"
>
  <h1>
    Main
  </h1>
</div>
`;
